src/app/analysis/[id]/page.tsx(6,24): error TS2307: Cannot find module 'date-fns' or its corresponding type declarations.
src/app/dashboard/page.tsx(6,24): error TS2307: Cannot find module 'date-fns' or its corresponding type declarations.
